
There are no discarded input sections

Memory Configuration

Name             Origin             Length             Attributes
FLASH            0x08000000         0x00040000         xr
RAM              0x20000000         0x00010000         xrw
*default*        0x00000000         0xffffffff

Linker script and memory map


.text           0x08000000        0xc
 *(.text*)
 .text          0x08000000        0x0 build/main.o
 .text.startup  0x08000000        0xc build/main.o
                0x08000000                main

.glue_7         0x0800000c        0x0
 .glue_7        0x0800000c        0x0 linker stubs

.glue_7t        0x0800000c        0x0
 .glue_7t       0x0800000c        0x0 linker stubs

.vfp11_veneer   0x0800000c        0x0
 .vfp11_veneer  0x0800000c        0x0 linker stubs

.v4_bx          0x0800000c        0x0
 .v4_bx         0x0800000c        0x0 linker stubs

.iplt           0x0800000c        0x0
 .iplt          0x0800000c        0x0 build/main.o

.rodata         0x0800000c       0x20
 *(.rodata*)
 .rodata        0x0800000c       0x20 build/main.o
                0x0800000c                cfg_table
                0x0800002c                        _sidata = LOADADDR (.data)

.rel.dyn        0x0800002c        0x0
 .rel.iplt      0x0800002c        0x0 build/main.o

.data           0x20000000        0x4 load address 0x0800002c
 *(.data*)
 .data          0x20000000        0x4 build/main.o
                0x20000000                g_threshold

.igot.plt       0x20000004        0x0 load address 0x08000030
 .igot.plt      0x20000004        0x0 build/main.o

.bss            0x20000004        0x4 load address 0x08000030
 *(.bss*)
 .bss           0x20000004        0x4 build/main.o
                0x20000004                g_scratch
 *(COMMON)
LOAD build/main.o
OUTPUT(firmware-nodebug.elf elf32-littlearm)
LOAD linker stubs

.comment        0x00000000       0x46
 .comment       0x00000000       0x46 build/main.o
                                 0x47 (size before relaxing)

.ARM.attributes
                0x00000000       0x2e
 .ARM.attributes
                0x00000000       0x2e build/main.o
